Archive member included because of file (symbol)

contiki-sky.a(contiki-sky-pla)
                              obj_sky/contiki-sky-main.o (init_platform)
contiki-sky.a(button-sensor.o)
                              aodv.co (button_sensor)
contiki-sky.a(ds2411.o)       obj_sky/contiki-sky-main.o (ds2411_init)
contiki-sky.a(xmem.o)         obj_sky/contiki-sky-main.o (xmem_init)
contiki-sky.a(node-id.o)      obj_sky/contiki-sky-main.o (node_id_restore)
contiki-sky.a(sensors.o)      aodv.co (sensors_event)
contiki-sky.a(cc2420.o)       obj_sky/contiki-sky-main.o (cc2420_set_pan_addr)
contiki-sky.a(cc2420-arch.o)  contiki-sky.a(cc2420.o) (cc2420_arch_init)
contiki-sky.a(uart1.o)        obj_sky/contiki-sky-main.o (uart1_active)
contiki-sky.a(slip_uart1.o)   obj_sky/contiki-sky-main.o (putchar)
contiki-sky.a(slip.o)         obj_sky/contiki-sky-main.o (slip_set_input_callback)
contiki-sky.a(msp430.o)       contiki-sky.a(uart1.o) (msp430_add_lpm_req)
contiki-sky.a(clock.o)        obj_sky/contiki-sky-main.o (clock_init)
contiki-sky.a(leds.o)         obj_sky/contiki-sky-main.o (leds_init)
contiki-sky.a(leds-arch.o)    contiki-sky.a(leds.o) (leds_arch_init)
contiki-sky.a(watchdog.o)     obj_sky/contiki-sky-main.o (watchdog_start)
contiki-sky.a(rtimer-arch.o)  obj_sky/contiki-sky-main.o (rtimer_arch_now)
contiki-sky.a(timer.o)        obj_sky/contiki-sky-main.o (timer_set)
contiki-sky.a(rtimer.o)       obj_sky/contiki-sky-main.o (rtimer_init)
contiki-sky.a(process.o)      contiki-sky.a(sensors.o) (process_alloc_event)
contiki-sky.a(etimer.o)       contiki-sky.a(clock.o) (etimer_request_poll)
contiki-sky.a(energest.o)     obj_sky/contiki-sky-main.o (energest_init)
contiki-sky.a(ctimer.o)       obj_sky/contiki-sky-main.o (ctimer_init)
contiki-sky.a(autostart.o)    obj_sky/contiki-sky-main.o (autostart_start)
contiki-sky.a(random.o)       obj_sky/contiki-sky-main.o (random_init)
contiki-sky.a(memb.o)         aodv.co (memb_init)
contiki-sky.a(list.o)         aodv.co (list_init)
contiki-sky.a(uip-over-mesh.o)
                              obj_sky/contiki-sky-main.o (uip_over_mesh_init)
contiki-sky.a(uip-fw-drv.o)   obj_sky/contiki-sky-main.o (uip_fw_process)
contiki-sky.a(uip-fw.o)       contiki-sky.a(uip-fw-drv.o) (uip_fw_output)
contiki-sky.a(uip.o)          contiki-sky.a(slip.o) (uip_aligned_buf)
contiki-sky.a(tcpip.o)        contiki-sky.a(uip-fw-drv.o) (tcpip_set_outputfunc)
contiki-sky.a(unicast.o)      aodv.co (unicast_open)
contiki-sky.a(trickle.o)      contiki-sky.a(uip-over-mesh.o) (trickle_open)
contiki-sky.a(route-discovery)
                              contiki-sky.a(uip-over-mesh.o) (route_discovery_open)
contiki-sky.a(route.o)        contiki-sky.a(uip-over-mesh.o) (route_init)
contiki-sky.a(rime.o)         obj_sky/contiki-sky-main.o (rime_driver)
contiki-sky.a(netflood.o)     contiki-sky.a(route-discovery) (netflood_open)
contiki-sky.a(ipolite.o)      contiki-sky.a(netflood.o) (ipolite_open)
contiki-sky.a(channel.o)      contiki-sky.a(unicast.o) (channel_set_attributes)
contiki-sky.a(chameleon.o)    contiki-sky.a(rime.o) (chameleon_init)
contiki-sky.a(chameleon-bitop)
                              contiki-sky.a(chameleon.o) (chameleon_bitopt)
contiki-sky.a(broadcast.o)    aodv.co (broadcast_open)
contiki-sky.a(broadcast-annou)
                              contiki-sky.a(rime.o) (broadcast_announcement_init)
contiki-sky.a(announcement.o)
                              contiki-sky.a(rime.o) (announcement_init)
contiki-sky.a(abc.o)          contiki-sky.a(broadcast.o) (abc_open)
contiki-sky.a(csma.o)         obj_sky/contiki-sky-main.o (csma_driver)
contiki-sky.a(queuebuf.o)     contiki-sky.a(rime.o) (queuebuf_init)
contiki-sky.a(packetbuf.o)    contiki-sky.a(rime.o) (packetbuf_compact)
contiki-sky.a(linkaddr.o)     aodv.co (linkaddr_copy)
contiki-sky.a(contikimac.o)   obj_sky/contiki-sky-main.o (contikimac_driver)
contiki-sky.a(nullsec.o)      obj_sky/contiki-sky-main.o (nullsec_driver)
contiki-sky.a(spi.o)          contiki-sky.a(xmem.o) (spi_init)
contiki-sky.a(uip-ipchksum.o)
                              contiki-sky.a(slip.o) (uip_ipchksum)
contiki-sky.a(compower.o)     contiki-sky.a(contikimac.o) (compower_idle_activity)
contiki-sky.a(mac-sequence.o)
                              contiki-sky.a(contikimac.o) (mac_sequence_is_duplicate)
contiki-sky.a(mac.o)          contiki-sky.a(csma.o) (mac_call_sent_callback)
contiki-sky.a(contikimac-fram)
                              contiki-sky.a(contikimac.o) (contikimac_framer)
contiki-sky.a(framer-802154.o)
                              contiki-sky.a(contikimac-fram) (framer_802154)
contiki-sky.a(frame802154.o)  contiki-sky.a(framer-802154.o) (frame802154_hdrlen)
contiki-sky.a(framer.o)       contiki-sky.a(framer-802154.o) (framer_canonical_create_and_secure)
/upb/groups/fg-ccs/public/share/nes/2018w/mspgcc-4.7.3/bin/../lib/gcc/msp430/4.7.3/mmpy-16/libgcc.a(_mulsi3.o)
                              contiki-sky.a(csma.o) (__mulsi3)
[...]
Memory Configuration

Name             Origin             Length             Attributes
sfr              0x0000000000000000 0x0000000000000010
peripheral_8bit  0x0000000000000010 0x00000000000000f0
peripheral_16bit 0x0000000000000100 0x0000000000000100
ram_mirror       0x0000000000000200 0x0000000000000800 xw
infomem          0x0000000000001000 0x0000000000000100
infob            0x0000000000001000 0x0000000000000080
infoa            0x0000000000001080 0x0000000000000080
ram              0x0000000000001100 0x0000000000002800 xw
rom              0x0000000000004000 0x000000000000bfe0 xr
vectors          0x000000000000ffe0 0x0000000000000020
bsl              0x0000000000000000 0x0000000000000000
infoc            0x0000000000000000 0x0000000000000000
infod            0x0000000000000000 0x0000000000000000
ram2             0x0000000000000000 0x0000000000000000 xw
usbram           0x0000000000000000 0x0000000000000000 xw
far_rom          0x0000000000000000 0x0000000000000000
*default*        0x0000000000000000 0xffffffffffffffff

Linker script and memory map

LOAD /upb/groups/fg-ccs/public/share/nes/2018w/mspgcc-4.7.3/bin/../lib/gcc/msp430/4.7.3/mmpy-16/crt0ivtbl16.o
LOAD aodv.co
LOAD obj_sky/contiki-sky-main.o
LOAD contiki-sky.a
LOAD /upb/groups/fg-ccs/public/share/nes/2018w/mspgcc-4.7.3/bin/../lib/gcc/msp430/4.7.3/mmpy-16/libgcc.a
LOAD /upb/groups/fg-ccs/public/share/nes/2018w/mspgcc-4.7.3/bin/../lib/gcc/msp430/4.7.3/../../../../msp430/lib/mmpy-16/libc.a
LOAD /upb/groups/fg-ccs/public/share/nes/2018w/mspgcc-4.7.3/bin/../lib/gcc/msp430/4.7.3/mmpy-16/libgcc.a
LOAD /upb/groups/fg-ccs/public/share/nes/2018w/mspgcc-4.7.3/bin/../lib/gcc/msp430/4.7.3/mmpy-16/libcrt0.a
                0x0000000000000080                PROVIDE (__info_segment_size, 0x80)
                0x0000000000001000                PROVIDE (__infob, 0x1000)
                0x0000000000001080                PROVIDE (__infoa, 0x1080)
                0x0000000000000000                __IE1 = 0x0
                0x0000000000000002                __IFG1 = 0x2
                0x0000000000000004                __ME1 = 0x4
                0x0000000000000001                __IE2 = 0x1
                0x0000000000000003                __IFG2 = 0x3
                0x0000000000000005                __ME2 = 0x5
                0x0000000000000120                __WDTCTL = 0x120
                0x0000000000000130                __MPY = 0x130
                0x0000000000000132                __MPYS = 0x132
                0x0000000000000134                __MAC = 0x134
                0x0000000000000136                __MACS = 0x136
                0x0000000000000138                __OP2 = 0x138
                0x000000000000013a                __RESLO = 0x13a
                0x000000000000013c                __RESHI = 0x13c
                0x000000000000013e                __SUMEXT = 0x13e
                0x0000000000000020                __P1IN = 0x20
                0x0000000000000021                __P1OUT = 0x21
                0x0000000000000022                __P1DIR = 0x22
                0x0000000000000023                __P1IFG = 0x23
                0x0000000000000024                __P1IES = 0x24
                0x0000000000000025                __P1IE = 0x25
                0x0000000000000026                __P1SEL = 0x26
                0x0000000000000028                __P2IN = 0x28
                0x0000000000000029                __P2OUT = 0x29
                0x000000000000002a                __P2DIR = 0x2a
                0x000000000000002b                __P2IFG = 0x2b
                0x000000000000002c                __P2IES = 0x2c
                0x000000000000002d                __P2IE = 0x2d
                0x000000000000002e                __P2SEL = 0x2e
                0x0000000000000018                __P3IN = 0x18
                0x0000000000000019                __P3OUT = 0x19
                0x000000000000001a                __P3DIR = 0x1a
                0x000000000000001b                __P3SEL = 0x1b
                0x000000000000001c                __P4IN = 0x1c
                0x000000000000001d                __P4OUT = 0x1d
                0x000000000000001e                __P4DIR = 0x1e
                0x000000000000001f                __P4SEL = 0x1f
                0x0000000000000030                __P5IN = 0x30
                0x0000000000000031                __P5OUT = 0x31
                0x0000000000000032                __P5DIR = 0x32
                0x0000000000000033                __P5SEL = 0x33
                0x0000000000000034                __P6IN = 0x34
                0x0000000000000035                __P6OUT = 0x35
                0x0000000000000036                __P6DIR = 0x36
                0x0000000000000037                __P6SEL = 0x37
                0x0000000000000070                __U0CTL = 0x70
                0x0000000000000071                __U0TCTL = 0x71
                0x0000000000000072                __U0RCTL = 0x72
                0x0000000000000073                __U0MCTL = 0x73
                0x0000000000000074                __U0BR0 = 0x74
                0x0000000000000075                __U0BR1 = 0x75
                0x0000000000000076                __U0RXBUF = 0x76
                0x0000000000000077                __U0TXBUF = 0x77
                0x0000000000000078                __U1CTL = 0x78
                0x0000000000000079                __U1TCTL = 0x79
                0x000000000000007a                __U1RCTL = 0x7a
                0x000000000000007b                __U1MCTL = 0x7b
                0x000000000000007c                __U1BR0 = 0x7c
                0x000000000000007d                __U1BR1 = 0x7d
                0x000000000000007e                __U1RXBUF = 0x7e
                0x000000000000007f                __U1TXBUF = 0x7f
                0x0000000000000050                __I2CIE = 0x50
                0x0000000000000051                __I2CIFG = 0x51
                0x0000000000000052                __I2CNDAT = 0x52
                0x0000000000000071                __I2CTCTL = 0x71
                0x0000000000000072                __I2CDCTL = 0x72
                0x0000000000000073                __I2CPSC = 0x73
                0x0000000000000074                __I2CSCLH = 0x74
                0x0000000000000075                __I2CSCLL = 0x75
                0x0000000000000076                __I2CDRB = 0x76
                0x0000000000000076                __I2CDRW = 0x76
                0x0000000000000118                __I2COA = 0x118
                0x000000000000011a                __I2CSA = 0x11a
                0x000000000000011c                __I2CIV = 0x11c
                0x000000000000012e                __TAIV = 0x12e
                0x0000000000000160                __TACTL = 0x160
                0x0000000000000162                __TACCTL0 = 0x162
                0x0000000000000164                __TACCTL1 = 0x164
                0x0000000000000166                __TACCTL2 = 0x166
                0x0000000000000170                __TAR = 0x170
                0x0000000000000172                __TACCR0 = 0x172
                0x0000000000000174                __TACCR1 = 0x174
                0x0000000000000176                __TACCR2 = 0x176
                0x000000000000011e                __TBIV = 0x11e
                0x0000000000000180                __TBCTL = 0x180
                0x0000000000000182                __TBCCTL0 = 0x182
                0x0000000000000184                __TBCCTL1 = 0x184
                0x0000000000000186                __TBCCTL2 = 0x186
                0x0000000000000188                __TBCCTL3 = 0x188
                0x000000000000018a                __TBCCTL4 = 0x18a
                0x000000000000018c                __TBCCTL5 = 0x18c
                0x000000000000018e                __TBCCTL6 = 0x18e
                0x0000000000000190                __TBR = 0x190
                0x0000000000000192                __TBCCR0 = 0x192
                0x0000000000000194                __TBCCR1 = 0x194
                0x0000000000000196                __TBCCR2 = 0x196
                0x0000000000000198                __TBCCR3 = 0x198
                0x000000000000019a                __TBCCR4 = 0x19a
                0x000000000000019c                __TBCCR5 = 0x19c
                0x000000000000019e                __TBCCR6 = 0x19e
                0x0000000000000056                __DCOCTL = 0x56
                0x0000000000000057                __BCSCTL1 = 0x57
                0x0000000000000058                __BCSCTL2 = 0x58
                0x0000000000000055                __SVSCTL = 0x55
                0x0000000000000128                __FCTL1 = 0x128
                0x000000000000012a                __FCTL2 = 0x12a
                0x000000000000012c                __FCTL3 = 0x12c
                0x0000000000000059                __CACTL1 = 0x59
                0x000000000000005a                __CACTL2 = 0x5a
                0x000000000000005b                __CAPD = 0x5b
                0x00000000000001a0                __ADC12CTL0 = 0x1a0
                0x00000000000001a2                __ADC12CTL1 = 0x1a2
                0x00000000000001a4                __ADC12IFG = 0x1a4
                0x00000000000001a6                __ADC12IE = 0x1a6
                0x00000000000001a8                __ADC12IV = 0x1a8
                0x0000000000000140                __ADC12MEM0 = 0x140
                0x0000000000000142                __ADC12MEM1 = 0x142
                0x0000000000000144                __ADC12MEM2 = 0x144
                0x0000000000000146                __ADC12MEM3 = 0x146
                0x0000000000000148                __ADC12MEM4 = 0x148
                0x000000000000014a                __ADC12MEM5 = 0x14a
                0x000000000000014c                __ADC12MEM6 = 0x14c
                0x000000000000014e                __ADC12MEM7 = 0x14e
                0x0000000000000150                __ADC12MEM8 = 0x150
                0x0000000000000152                __ADC12MEM9 = 0x152
                0x0000000000000154                __ADC12MEM10 = 0x154
                0x0000000000000156                __ADC12MEM11 = 0x156
                0x0000000000000158                __ADC12MEM12 = 0x158
                0x000000000000015a                __ADC12MEM13 = 0x15a
                0x000000000000015c                __ADC12MEM14 = 0x15c
                0x000000000000015e                __ADC12MEM15 = 0x15e
                0x0000000000000080                __ADC12MCTL0 = 0x80
                0x0000000000000081                __ADC12MCTL1 = 0x81
                0x0000000000000082                __ADC12MCTL2 = 0x82
                0x0000000000000083                __ADC12MCTL3 = 0x83
                0x0000000000000084                __ADC12MCTL4 = 0x84
                0x0000000000000085                __ADC12MCTL5 = 0x85
                0x0000000000000086                __ADC12MCTL6 = 0x86
                0x0000000000000087                __ADC12MCTL7 = 0x87
                0x0000000000000088                __ADC12MCTL8 = 0x88
                0x0000000000000089                __ADC12MCTL9 = 0x89
                0x000000000000008a                __ADC12MCTL10 = 0x8a
                0x000000000000008b                __ADC12MCTL11 = 0x8b
                0x000000000000008c                __ADC12MCTL12 = 0x8c
                0x000000000000008d                __ADC12MCTL13 = 0x8d
                0x000000000000008e                __ADC12MCTL14 = 0x8e
                0x000000000000008f                __ADC12MCTL15 = 0x8f
                0x00000000000001c0                __DAC12_0CTL = 0x1c0
                0x00000000000001c2                __DAC12_1CTL = 0x1c2
                0x00000000000001c8                __DAC12_0DAT = 0x1c8
                0x00000000000001ca                __DAC12_1DAT = 0x1ca
                0x0000000000000122                __DMACTL0 = 0x122
                0x0000000000000124                __DMACTL1 = 0x124
                0x00000000000001e0                __DMA0CTL = 0x1e0
                0x00000000000001e8                __DMA1CTL = 0x1e8
                0x00000000000001f0                __DMA2CTL = 0x1f0
                0x00000000000001e2                __DMA0SA = 0x1e2
                0x00000000000001e4                __DMA0DA = 0x1e4
                0x00000000000001e6                __DMA0SZ = 0x1e6
                0x00000000000001ea                __DMA1SA = 0x1ea
                0x00000000000001ec                __DMA1DA = 0x1ec
                0x00000000000001ee                __DMA1SZ = 0x1ee
                0x00000000000001f2                __DMA2SA = 0x1f2
                0x00000000000001f4                __DMA2DA = 0x1f4
                0x00000000000001f6                __DMA2SZ = 0x1f6

.hash
 *(.hash)

.dynsym
 *(.dynsym)

.dynstr
 *(.dynstr)

.gnu.version
 *(.gnu.version)

.gnu.version_d
 *(.gnu.version_d)

.gnu.version_r
 *(.gnu.version_r)

.rel.init
 *(.rel.init)

.rela.init
 *(.rela.init)

.rel.fini
 *(.rel.fini)

.rela.fini
 *(.rela.fini)

.rel.text
 *(.rel.text .rel.text.* .rel.gnu.linkonce.t.*)

.rela.text
 *(.rela.text .rela.text.* .rela.gnu.linkonce.t.*)

.rel.rodata
 *(.rel.rodata .rel.rodata.* .rel.gnu.linkonce.r.*)

.rela.rodata
 *(.rela.rodata .rela.rodata.* .rela.gnu.linkonce.r.*)

.rel.data
 *(.rel.data .rel.data.* .rel.gnu.linkonce.d.*)

.rela.data
 *(.rela.data .rela.data.* .rela.gnu.linkonce.d.*)

.rel.bss
 *(.rel.bss .rel.bss.* .rel.gnu.linkonce.b.*)

.rela.bss
 *(.rela.bss .rela.bss.* .rela.gnu.linkonce.b.*)

.rel.ctors
 *(.rel.ctors)

.rela.ctors
 *(.rela.ctors)

.rel.dtors
 *(.rel.dtors)

.rela.dtors
 *(.rela.dtors)

.rel.got
 *(.rel.got)

.rela.got
 *(.rela.got)

.rel.plt
 *(.rel.plt)

.rela.plt
 *(.rela.plt)

.text           0x0000000000004000     0x7788
                0x0000000000004000                . = ALIGN (0x2)
 *(.init .init.*)
 *(.init0)
 .init0         0x0000000000004000        0x0 /upb/groups/fg-ccs/public/share/nes/2018w/mspgcc-4.7.3/bin/../lib/gcc/msp430/4.7.3/mmpy-16/libcrt0.a(_reset_vector__.o)
                0x0000000000004000                _reset_vector__
 *(.init1)
 .init1         0x0000000000004000        0xc /upb/groups/fg-ccs/public/share/nes/2018w/mspgcc-4.7.3/bin/../lib/gcc/msp430/4.7.3/mmpy-16/libcrt0.a(__watchdog_support.o)
                0x0000000000004000                __watchdog_support
 *(.init2)
 .init2         0x000000000000400c        0x4 /upb/groups/fg-ccs/public/share/nes/2018w/mspgcc-4.7.3/bin/../lib/gcc/msp430/4.7.3/mmpy-16/libcrt0.a(__init_stack.o)
                0x000000000000400c                __init_stack
 *(.init3)
 .init3         0x0000000000004010        0x0 /upb/groups/fg-ccs/public/share/nes/2018w/mspgcc-4.7.3/bin/../lib/gcc/msp430/4.7.3/mmpy-16/libcrt0.a(__low_level_init.o)
                0x0000000000004010                __low_level_init
 *(.init4)
 .init4         0x0000000000004010       0x18 /upb/groups/fg-ccs/public/share/nes/2018w/mspgcc-4.7.3/bin/../lib/gcc/msp430/4.7.3/mmpy-16/libcrt0.a(_copy_data.o)
                0x0000000000004010                __do_copy_data
 .init4         0x0000000000004028       0x16 /upb/groups/fg-ccs/public/share/nes/2018w/mspgcc-4.7.3/bin/../lib/gcc/msp430/4.7.3/mmpy-16/libcrt0.a(_clear_bss.o)
                0x0000000000004028                __do_clear_bss
 *(.init5)
 *(.init6)
 *(.init7)
 *(.init8)
 *(.init9)
 .init9         0x000000000000403e      0x386 obj_sky/contiki-sky-main.o
                0x000000000000403e                main
 *(.fini9)
 .fini9         0x00000000000043c4        0x0 /upb/groups/fg-ccs/public/share/nes/2018w/mspgcc-4.7.3/bin/../lib/gcc/msp430/4.7.3/mmpy-16/libcrt0.a(__stop_progExec__.o)
                0x00000000000043c4                __stop_progExec__
 *(.fini8)
 *(.fini7)
 *(.fini6)
 *(.fini5)
 *(.fini4)
 *(.fini3)
 *(.fini2)
 *(.fini1)
 *(.fini0)
 .fini0         0x00000000000043c4        0x6 /upb/groups/fg-ccs/public/share/nes/2018w/mspgcc-4.7.3/bin/../lib/gcc/msp430/4.7.3/mmpy-16/libcrt0.a(_endless_loop__.o)
                0x00000000000043c4                _endless_loop__
 *(.fini .fini.*)
                0x00000000000043ca                . = ALIGN (0x2)
                0x00000000000043ca                __ctors_start = .
 *(.ctors)
                0x00000000000043ca                __ctors_end = .
                0x00000000000043ca                __dtors_start = .
 *(.dtors)
                0x00000000000043ca                __dtors_end = .
                0x00000000000043ca                . = ALIGN (0x2)
 *(.text .text.* .gnu.linkonce.t.*)
 .text          0x00000000000043ca        0x4 /upb/groups/fg-ccs/public/share/nes/2018w/mspgcc-4.7.3/bin/../lib/gcc/msp430/4.7.3/mmpy-16/crt0ivtbl16.o
                0x00000000000043ca                __isr_14
                0x00000000000043ca                __isr_11
                0x00000000000043ca                __isr_2
                0x00000000000043ca                __isr_7
                0x00000000000043ca                __isr_0
                0x00000000000043ca                __isr_8
                0x00000000000043ca                __isr_3
                0x00000000000043ca                __isr_12
                0x00000000000043ca                __isr_13
                0x00000000000043ca                __isr_9
 .text.route_table_find
                0x00000000000043ce       0x2e aodv.co
                0x00000000000043ce                route_table_find
 .text.process_thread_aodv_process
                0x00000000000043fc      0x1cc aodv.co
 .text.route_table_add
                0x00000000000045c8       0xcc aodv.co
                0x00000000000045c8                route_table_add
 .text.unicast_recv
                0x0000000000004694      0x31a aodv.co
 .text.broadcast_recv
                0x00000000000049ae      0x1ea aodv.co
 .text.set_gateway
                0x0000000000004b98       0x5a obj_sky/contiki-sky-main.o
 .text.start_network_layer
                0x0000000000004bf2       0x3c obj_sky/contiki-sky-main.o
 .text.init_platform
                0x0000000000004c2e        0xc contiki-sky.a(contiki-sky-pla)
                0x0000000000004c2e                init_platform
 .text.status   0x0000000000004c3a       0x18 contiki-sky.a(button-sensor.o)
 .text.value    0x0000000000004c52       0x20 contiki-sky.a(button-sensor.o)
 .text.configure
                0x0000000000004c72       0x4c contiki-sky.a(button-sensor.o)
 .text.irq_p2   0x0000000000004cbe       0x88 contiki-sky.a(button-sensor.o)
                0x0000000000004cbe                irq_p2
                0x0000000000004cbe                __isr_1
 .text.owreadb  0x0000000000004d46       0x50 contiki-sky.a(ds2411.o)
 .text.ds2411_init
                0x0000000000004d96      0x120 contiki-sky.a(ds2411.o)
                0x0000000000004d96                ds2411_init
 .text.wait_ready
                0x0000000000004eb6       0x4a contiki-sky.a(xmem.o)
 .text.xmem_init
                0x0000000000004f00       0x3c contiki-sky.a(xmem.o)
                0x0000000000004f00                xmem_init
 .text.xmem_pread
                0x0000000000004f3c       0xda contiki-sky.a(xmem.o)
                0x0000000000004f3c                xmem_pread
 .text.node_id_restore
                0x0000000000005016       0x38 contiki-sky.a(node-id.o)
                0x0000000000005016                node_id_restore
 .text.process_thread_sensors_process
                0x000000000000504e       0xc2 contiki-sky.a(sensors.o)
 .text.sensors_changed
                0x0000000000005110       0x2a contiki-sky.a(sensors.o)
                0x0000000000005110                sensors_changed
 .text.get_object
                0x000000000000513a        0x4 contiki-sky.a(cc2420.o)
 .text.set_object
                0x000000000000513e        0x4 contiki-sky.a(cc2420.o)
 .text.strobe   0x0000000000005142       0x1c contiki-sky.a(cc2420.o)
 .text.getreg   0x000000000000515e       0x4c contiki-sky.a(cc2420.o)
 .text.setreg   0x00000000000051aa       0x4c contiki-sky.a(cc2420.o)
 .text.write_ram
                0x00000000000051f6       0x7c contiki-sky.a(cc2420.o)
 .text.write_fifo_buf
                0x0000000000005272       0x3c contiki-sky.a(cc2420.o)
 .text.get_status
                0x00000000000052ae       0x20 contiki-sky.a(cc2420.o)
 .text.set_txpower
                0x00000000000052ce       0x24 contiki-sky.a(cc2420.o)
 .text.cc2420_receiving_packet
                0x00000000000052f2        0xc contiki-sky.a(cc2420.o)
 .text.pending_packet
                0x00000000000052fe        0x8 contiki-sky.a(cc2420.o)
 .text.on       0x0000000000005306       0x1e contiki-sky.a(cc2420.o)
 .text.wait_for_transmission
                0x0000000000005324       0x22 contiki-sky.a(cc2420.o)
 .text.wait_for_status
                0x0000000000005346       0x28 contiki-sky.a(cc2420.o)
 .text.getrxdata
                0x000000000000536e       0x50 contiki-sky.a(cc2420.o)
 .text.flushrx  0x00000000000053be       0x1a contiki-sky.a(cc2420.o)
 .text.off      0x00000000000053d8       0x56 contiki-sky.a(cc2420.o)
 .text.RELEASE_LOCK
                0x000000000000542e       0x28 contiki-sky.a(cc2420.o)
 .text.set_key  0x0000000000005456       0x18 contiki-sky.a(cc2420.o)
 .text.cc2420_prepare
                0x000000000000546e       0x3c contiki-sky.a(cc2420.o)
 .text.cc2420_on
                0x00000000000054aa       0x22 contiki-sky.a(cc2420.o)
                0x00000000000054aa                cc2420_on
 .text.cc2420_off
                0x00000000000054cc       0x30 contiki-sky.a(cc2420.o)
                0x00000000000054cc                cc2420_off
 .text.cc2420_cca
                0x00000000000054fc       0x68 contiki-sky.a(cc2420.o)
 .text.cc2420_read
                0x0000000000005564       0xac contiki-sky.a(cc2420.o)
 .text.process_thread_cc2420_process
                0x0000000000005610       0x54 contiki-sky.a(cc2420.o)
 .text.encrypt  0x0000000000005664       0x88 contiki-sky.a(cc2420.o)
 .text.cc2420_set_channel
                0x00000000000056ec       0x3c contiki-sky.a(cc2420.o)
                0x00000000000056ec                cc2420_set_channel
 .text.cc2420_set_pan_addr
                0x0000000000005728       0x4c contiki-sky.a(cc2420.o)
                0x0000000000005728                cc2420_set_pan_addr
 .text.cc2420_interrupt
                0x0000000000005774       0x16 contiki-sky.a(cc2420.o)
                0x0000000000005774                cc2420_interrupt
 .text.cc2420_set_txpower
                0x000000000000578a        0xe contiki-sky.a(cc2420.o)
                0x000000000000578a                cc2420_set_txpower
 .text.cc2420_get_txpower
                0x0000000000005798       0x1e contiki-sky.a(cc2420.o)
                0x0000000000005798                cc2420_get_txpower
 .text.cc2420_transmit
                0x00000000000057b6      0x12c contiki-sky.a(cc2420.o)
 .text.cc2420_send
                0x00000000000058e2       0x12 contiki-sky.a(cc2420.o)
 .text.cc2420_rssi
                0x00000000000058f4       0x4c contiki-sky.a(cc2420.o)
                0x00000000000058f4                cc2420_rssi
 .text.get_value
                0x0000000000005940       0xa8 contiki-sky.a(cc2420.o)
 .text.cc2420_set_cca_threshold
                0x00000000000059e8       0x16 contiki-sky.a(cc2420.o)
                0x00000000000059e8                cc2420_set_cca_threshold
 .text.set_value
                0x00000000000059fe       0x86 contiki-sky.a(cc2420.o)
 .text.cc2420_init
                0x0000000000005a84       0xd8 contiki-sky.a(cc2420.o)
                0x0000000000005a84                cc2420_init
 .text.cc2420_port1_interrupt
                0x0000000000005b5c       0x62 contiki-sky.a(cc2420-arch.o)
                0x0000000000005b5c                __isr_4
                0x0000000000005b5c                cc2420_port1_interrupt
 .text.cc2420_arch_init
                0x0000000000005bbe       0x1a contiki-sky.a(cc2420-arch.o)
                0x0000000000005bbe                cc2420_arch_init
 .text.handle_rxdma_timer
                0x0000000000005bd8       0x3a contiki-sky.a(uart1.o)
 .text.uart1_active
                0x0000000000005c12       0x18 contiki-sky.a(uart1.o)
                0x0000000000005c12                uart1_active
 .text.uart1_set_input
                0x0000000000005c2a       0x20 contiki-sky.a(uart1.o)
                0x0000000000005c2a                uart1_set_input
 .text.uart1_writeb
                0x0000000000005c4a       0x18 contiki-sky.a(uart1.o)
                0x0000000000005c4a                uart1_writeb
 .text.uart1_init
                0x0000000000005c62       0xf4 contiki-sky.a(uart1.o)
                0x0000000000005c62                uart1_init
 .text.slip_arch_writeb
                0x0000000000005d56        0x6 contiki-sky.a(slip_uart1.o)
                0x0000000000005d56                slip_arch_writeb
 .text.putchar  0x0000000000005d5c       0x3c contiki-sky.a(slip_uart1.o)
                0x0000000000005d5c                putchar
 .text.slip_arch_init
                0x0000000000005d98        0xa contiki-sky.a(slip_uart1.o)
                0x0000000000005d98                slip_arch_init
 .text.slip_set_input_callback
                0x0000000000005da2        0x6 contiki-sky.a(slip.o)
                0x0000000000005da2                slip_set_input_callback
 .text.slip_send
                0x0000000000005da8       0x5e contiki-sky.a(slip.o)
                0x0000000000005da8                slip_send
 .text.slip_write
                0x0000000000005e06       0x5a contiki-sky.a(slip.o)
                0x0000000000005e06                slip_write
 .text.process_thread_slip_process
                0x0000000000005e60      0x1fc contiki-sky.a(slip.o)
 .text.slip_input_byte
                0x000000000000605c       0xbc contiki-sky.a(slip.o)
                0x000000000000605c                slip_input_byte
 .text.msp430_init_dco
                0x0000000000006118       0x82 contiki-sky.a(msp430.o)
                0x0000000000006118                msp430_init_dco
 .text.msp430_add_lpm_req
                0x000000000000619a        0xc contiki-sky.a(msp430.o)
                0x000000000000619a                msp430_add_lpm_req
 .text.msp430_cpu_init
                0x00000000000061a6       0x2a contiki-sky.a(msp430.o)
                0x00000000000061a6                msp430_cpu_init
 .text.splhigh_
                0x00000000000061d0        0x8 contiki-sky.a(msp430.o)
                0x00000000000061d0                splhigh_
 .text.msp430_sync_dco
                0x00000000000061d8       0x6c contiki-sky.a(msp430.o)
                0x00000000000061d8                msp430_sync_dco
 .text.timera1  0x0000000000006244      0x11e contiki-sky.a(clock.o)
                0x0000000000006244                __isr_5
                0x0000000000006244                timera1
 .text.clock_time
                0x0000000000006362       0x1a contiki-sky.a(clock.o)
                0x0000000000006362                clock_time
 .text.clock_init
                0x000000000000637c       0x28 contiki-sky.a(clock.o)
                0x000000000000637c                clock_init
 .text.clock_delay
                0x00000000000063a4        0xc contiki-sky.a(clock.o)
                0x00000000000063a4                clock_delay
 .text.show_leds
                0x00000000000063b0       0xf0 contiki-sky.a(leds.o)
 .text.leds_init
                0x00000000000064a0        0xa contiki-sky.a(leds.o)
                0x00000000000064a0                leds_init
 .text.leds_on  0x00000000000064aa        0xa contiki-sky.a(leds.o)
                0x00000000000064aa                leds_on
 .text.leds_off
                0x00000000000064b4        0xe contiki-sky.a(leds.o)
                0x00000000000064b4                leds_off
 .text.leds_arch_init
                0x00000000000064c2        0xe contiki-sky.a(leds-arch.o)
                0x00000000000064c2                leds_arch_init
 .text.leds_arch_set
                0x00000000000064d0       0x38 contiki-sky.a(leds-arch.o)
                0x00000000000064d0                leds_arch_set
 .text.watchdog_interrupt
                0x0000000000006508        0x6 contiki-sky.a(watchdog.o)
                0x0000000000006508                __isr_10
                0x0000000000006508                watchdog_interrupt
 .text.watchdog_start
                0x000000000000650e       0x14 contiki-sky.a(watchdog.o)
                0x000000000000650e                watchdog_start
 .text.watchdog_periodic
                0x0000000000006522       0x12 contiki-sky.a(watchdog.o)
                0x0000000000006522                watchdog_periodic
 .text.watchdog_stop
                0x0000000000006534       0x16 contiki-sky.a(watchdog.o)
                0x0000000000006534                watchdog_stop
 .text.watchdog_init
                0x000000000000654a       0x12 contiki-sky.a(watchdog.o)
                0x000000000000654a                watchdog_init
 .text.rtimer_arch_init
                0x000000000000655c        0xe contiki-sky.a(rtimer-arch.o)
                0x000000000000655c                rtimer_arch_init
 .text.rtimer_arch_now
                0x000000000000656a        0xe contiki-sky.a(rtimer-arch.o)
                0x000000000000656a                rtimer_arch_now
 .text.timera0  0x0000000000006578       0x70 contiki-sky.a(rtimer-arch.o)
                0x0000000000006578                __isr_6
                0x0000000000006578                timera0
 .text.rtimer_arch_schedule
                0x00000000000065e8        0x6 contiki-sky.a(rtimer-arch.o)
                0x00000000000065e8                rtimer_arch_schedule
 .text.timer_set
                0x00000000000065ee       0x1c contiki-sky.a(timer.o)
                0x00000000000065ee                timer_set
 .text.timer_reset
                0x000000000000660a        0xe contiki-sky.a(timer.o)
                0x000000000000660a                timer_reset
 .text.timer_restart
                0x0000000000006618       0x14 contiki-sky.a(timer.o)
                0x0000000000006618                timer_restart
 .text.timer_expired
                0x000000000000662c       0x2a contiki-sky.a(timer.o)
                0x000000000000662c                timer_expired
 .text.rtimer_init
                0x0000000000006656        0x6 contiki-sky.a(rtimer.o)
                0x0000000000006656                rtimer_init
 .text.rtimer_set
                0x000000000000665c       0x24 contiki-sky.a(rtimer.o)
                0x000000000000665c                rtimer_set
 .text.rtimer_run_next
                0x0000000000006680       0x26 contiki-sky.a(rtimer.o)
                0x0000000000006680                rtimer_run_next
 .text.call_process
                0x00000000000066a6       0x46 contiki-sky.a(process.o)
 .text.exit_process
                0x00000000000066ec       0x96 contiki-sky.a(process.o)
 .text.do_poll  0x0000000000006782       0x30 contiki-sky.a(process.o)
 .text.process_alloc_event
                0x00000000000067b2        0xe contiki-sky.a(process.o)
                0x00000000000067b2                process_alloc_event
 .text.process_init
                0x00000000000067c0       0x1c contiki-sky.a(process.o)
                0x00000000000067c0                process_init
 .text.process_run
                0x00000000000067dc       0xa2 contiki-sky.a(process.o)
                0x00000000000067dc                process_run
 .text.process_nevents
                0x000000000000687e        0xe contiki-sky.a(process.o)
                0x000000000000687e                process_nevents
 .text.process_post
                0x000000000000688c       0x54 contiki-sky.a(process.o)
                0x000000000000688c                process_post
 .text.process_post_synch
                0x00000000000068e0       0x12 contiki-sky.a(process.o)
                0x00000000000068e0                process_post_synch
 .text.process_start
                0x00000000000068f2       0x36 contiki-sky.a(process.o)
                0x00000000000068f2                process_start
 .text.process_poll
                0x0000000000006928       0x18 contiki-sky.a(process.o)
                0x0000000000006928                process_poll
 .text.update_time
                0x0000000000006940       0x78 contiki-sky.a(etimer.o)
 .text.etimer_request_poll
                0x00000000000069b8        0xa contiki-sky.a(etimer.o)
                0x00000000000069b8                etimer_request_poll
 .text.process_thread_etimer_process
                0x00000000000069c2       0xcc contiki-sky.a(etimer.o)
 .text.add_timer
                0x0000000000006a8e       0x40 contiki-sky.a(etimer.o)
 .text.etimer_set
                0x0000000000006ace       0x12 contiki-sky.a(etimer.o)
                0x0000000000006ace                etimer_set
 .text.etimer_reset
                0x0000000000006ae0       0x12 contiki-sky.a(etimer.o)
                0x0000000000006ae0                etimer_reset
 .text.etimer_restart
                0x0000000000006af2       0x12 contiki-sky.a(etimer.o)
                0x0000000000006af2                etimer_restart
 .text.etimer_expired
                0x0000000000006b04        0xe contiki-sky.a(etimer.o)
                0x0000000000006b04                etimer_expired
 .text.etimer_pending
                0x0000000000006b12        0xc contiki-sky.a(etimer.o)
                0x0000000000006b12                etimer_pending
 .text.etimer_next_expiration_time
                0x0000000000006b1e       0x16 contiki-sky.a(etimer.o)
                0x0000000000006b1e                etimer_next_expiration_time
 .text.etimer_stop
                0x0000000000006b34       0x3e contiki-sky.a(etimer.o)
                0x0000000000006b34                etimer_stop
 .text.energest_init
                0x0000000000006b72       0x26 contiki-sky.a(energest.o)
                0x0000000000006b72                energest_init
 .text.energest_type_time
                0x0000000000006b98       0x48 contiki-sky.a(energest.o)
                0x0000000000006b98                energest_type_time
 .text.energest_type_set
                0x0000000000006be0        0xe contiki-sky.a(energest.o)
                0x0000000000006be0                energest_type_set
 .text.energest_flush
                0x0000000000006bee       0x48 contiki-sky.a(energest.o)
                0x0000000000006bee                energest_flush
 .text.process_thread_ctimer_process
                0x0000000000006c36       0xa8 contiki-sky.a(ctimer.o)
 .text.ctimer_init
                0x0000000000006cde       0x18 contiki-sky.a(ctimer.o)
                0x0000000000006cde                ctimer_init
 .text.ctimer_set
                0x0000000000006cf6       0x50 contiki-sky.a(ctimer.o)
                0x0000000000006cf6                ctimer_set
 .text.ctimer_reset
                0x0000000000006d46       0x30 contiki-sky.a(ctimer.o)
                0x0000000000006d46                ctimer_reset
 .text.ctimer_stop
                0x0000000000006d76       0x28 contiki-sky.a(ctimer.o)
                0x0000000000006d76                ctimer_stop
 .text.autostart_start
                0x0000000000006d9e       0x16 contiki-sky.a(autostart.o)
                0x0000000000006d9e                autostart_start
 .text.random_init
                0x0000000000006db4        0x6 contiki-sky.a(random.o)
                0x0000000000006db4                random_init
 .text.random_rand
                0x0000000000006dba        0x6 contiki-sky.a(random.o)
                0x0000000000006dba                random_rand
 .text.memb_init
                0x0000000000006dc0       0x36 contiki-sky.a(memb.o)
                0x0000000000006dc0                memb_init
 .text.memb_alloc
                0x0000000000006df6       0x3e contiki-sky.a(memb.o)
                0x0000000000006df6                memb_alloc
 .text.memb_free
                0x0000000000006e34       0x3a contiki-sky.a(memb.o)
                0x0000000000006e34                memb_free
 .text.memb_inmemb
                0x0000000000006e6e       0x2a contiki-sky.a(memb.o)
                0x0000000000006e6e                memb_inmemb
 .text.list_init
                0x0000000000006e98        0x6 contiki-sky.a(list.o)
                0x0000000000006e98                list_init
 .text.list_head
                0x0000000000006e9e        0x4 contiki-sky.a(list.o)
                0x0000000000006e9e                list_head
 .text.list_tail
                0x0000000000006ea2       0x12 contiki-sky.a(list.o)
                0x0000000000006ea2                list_tail
 .text.list_chop
                0x0000000000006eb4       0x1a contiki-sky.a(list.o)
                0x0000000000006eb4                list_chop
 .text.list_remove
                0x0000000000006ece       0x34 contiki-sky.a(list.o)
                0x0000000000006ece                list_remove
 .text.list_push
                0x0000000000006f02       0x1a contiki-sky.a(list.o)
                0x0000000000006f02                list_push
 .text.list_add
                0x0000000000006f1c       0x2a contiki-sky.a(list.o)
                0x0000000000006f1c                list_add
 .text.list_length
                0x0000000000006f46       0x10 contiki-sky.a(list.o)
                0x0000000000006f46                list_length
 .text.list_item_next
                0x0000000000006f56        0xc contiki-sky.a(list.o)
                0x0000000000006f56                list_item_next
 .text.timedout
                0x0000000000006f62       0x12 contiki-sky.a(uip-over-mesh.o)
 .text.recv_data
                0x0000000000006f74       0x72 contiki-sky.a(uip-over-mesh.o)
 .text.new_route
                0x0000000000006fe6       0x36 contiki-sky.a(uip-over-mesh.o)
 .text.uip_over_mesh_init
                0x000000000000701c       0x54 contiki-sky.a(uip-over-mesh.o)
                0x000000000000701c                uip_over_mesh_init
 .text.uip_over_mesh_send
                0x0000000000007070       0xe8 contiki-sky.a(uip-over-mesh.o)
                0x0000000000007070                uip_over_mesh_send
 .text.uip_over_mesh_set_gateway_netif
                0x0000000000007158        0x6 contiki-sky.a(uip-over-mesh.o)
                0x0000000000007158                uip_over_mesh_set_gateway_netif
 .text.uip_over_mesh_set_gateway
                0x000000000000715e        0xc contiki-sky.a(uip-over-mesh.o)
                0x000000000000715e                uip_over_mesh_set_gateway
 .text.gateway_announce_recv
                0x000000000000716a       0x10 contiki-sky.a(uip-over-mesh.o)
 .text.uip_over_mesh_make_announced_gateway
                0x000000000000717a       0x32 contiki-sky.a(uip-over-mesh.o)
                0x000000000000717a                uip_over_mesh_make_announced_gateway
 .text.uip_over_mesh_set_net
                0x00000000000071ac       0x16 contiki-sky.a(uip-over-mesh.o)
                0x00000000000071ac                uip_over_mesh_set_net
 .text.process_thread_uip_fw_process
                0x00000000000071c2       0x3c contiki-sky.a(uip-fw-drv.o)
 .text.uip_fw_output
                0x00000000000071fe       0xf4 contiki-sky.a(uip-fw.o)
                0x00000000000071fe                uip_fw_output
 .text.uip_fw_forward
                0x00000000000072f2      0x15e contiki-sky.a(uip-fw.o)
                0x00000000000072f2                uip_fw_forward
 .text.uip_fw_default
                0x0000000000007450        0x6 contiki-sky.a(uip-fw.o)
                0x0000000000007450                uip_fw_default
 .text.uip_fw_periodic
                0x0000000000007456       0x1c contiki-sky.a(uip-fw.o)
                0x0000000000007456                uip_fw_periodic
 .text.chksum   0x0000000000007472       0x32 contiki-sky.a(uip.o)
 .text.upper_layer_chksum
                0x00000000000074a4       0x42 contiki-sky.a(uip.o)
 .text.uip_add32
                0x00000000000074e6       0x68 contiki-sky.a(uip.o)
                0x00000000000074e6                uip_add32
 .text.uip_add_rcv_nxt
                0x000000000000754e       0x2c contiki-sky.a(uip.o)
 .text.uip_chksum
                0x000000000000757a       0x18 contiki-sky.a(uip.o)
                0x000000000000757a                uip_chksum
 .text.uip_tcpchksum
                0x0000000000007592        0xa contiki-sky.a(uip.o)
                0x0000000000007592                uip_tcpchksum
 .text.uip_udpchksum
                0x000000000000759c        0xa contiki-sky.a(uip.o)
                0x000000000000759c                uip_udpchksum
 .text.uip_init
                0x00000000000075a6       0x50 contiki-sky.a(uip.o)
                0x00000000000075a6                uip_init
 .text.uip_unlisten
                0x00000000000075f6       0x2a contiki-sky.a(uip.o)
                0x00000000000075f6                uip_unlisten
 .text.uip_process
                0x0000000000007620      0xc7e contiki-sky.a(uip.o)
                0x0000000000007620                uip_process
 .text.uip_htons
                0x000000000000829e        0xc contiki-sky.a(uip.o)
                0x000000000000829e                uip_htons
 .text.start_periodic_tcp_timer
                0x00000000000082aa       0x16 contiki-sky.a(tcpip.o)
 .text.tcpip_output
                0x00000000000082c0       0x10 contiki-sky.a(tcpip.o)
                0x00000000000082c0                tcpip_output
 .text.process_thread_tcpip_process
                0x00000000000082d0      0x1ce contiki-sky.a(tcpip.o)
 .text.tcpip_set_outputfunc
                0x000000000000849e        0x6 contiki-sky.a(tcpip.o)
                0x000000000000849e                tcpip_set_outputfunc
 .text.tcpip_input
                0x00000000000084a4       0x12 contiki-sky.a(tcpip.o)
                0x00000000000084a4                tcpip_input
 .text.tcpip_uipcall
                0x00000000000084b6       0x70 contiki-sky.a(tcpip.o)
                0x00000000000084b6                tcpip_uipcall
 .text.sent_by_broadcast
                0x0000000000008526       0x10 contiki-sky.a(unicast.o)
 .text.recv_from_broadcast
                0x0000000000008536       0x2e contiki-sky.a(unicast.o)
 .text.unicast_open
                0x0000000000008564       0x2a contiki-sky.a(unicast.o)
                0x0000000000008564                unicast_open
 .text.unicast_close
                0x000000000000858e        0x6 contiki-sky.a(unicast.o)
                0x000000000000858e                unicast_close
 .text.unicast_send
                0x0000000000008594       0x16 contiki-sky.a(unicast.o)
                0x0000000000008594                unicast_send
 .text.send     0x00000000000085aa       0x1a contiki-sky.a(trickle.o)
 .text.run_trickle
                0x00000000000085c4       0xc4 contiki-sky.a(trickle.o)
 .text.recv     0x0000000000008688       0x86 contiki-sky.a(trickle.o)
 .text.timer_callback
                0x000000000000870e        0x6 contiki-sky.a(trickle.o)
 .text.trickle_open
                0x0000000000008714       0x44 contiki-sky.a(trickle.o)
                0x0000000000008714                trickle_open
 .text.trickle_send
                0x0000000000008758       0x3e contiki-sky.a(trickle.o)
                0x0000000000008758                trickle_send
 .text.timeout_handler
                0x0000000000008796       0x14 contiki-sky.a(route-discovery)
 .text.rreq_packet_received
                0x00000000000087aa       0xca contiki-sky.a(route-discovery)
 .text.rrep_packet_received
                0x0000000000008874       0x9a contiki-sky.a(route-discovery)
 .text.route_discovery_open
                0x000000000000890e       0x30 contiki-sky.a(route-discovery)
                0x000000000000890e                route_discovery_open
 .text.route_discovery_discover
                0x000000000000893e       0x6e contiki-sky.a(route-discovery)
                0x000000000000893e                route_discovery_discover
 .text.periodic
                0x00000000000089ac       0x58 contiki-sky.a(route.o)
 .text.route_init
                0x0000000000008a04       0x28 contiki-sky.a(route.o)
                0x0000000000008a04                route_init
 .text.route_lookup
                0x0000000000008a2c       0x4c contiki-sky.a(route.o)
                0x0000000000008a2c                route_lookup
 .text.route_add
                0x0000000000008a78       0x88 contiki-sky.a(route.o)
                0x0000000000008a78                route_add
 .text.route_refresh
                0x0000000000008b00        0xe contiki-sky.a(route.o)
                0x0000000000008b00                route_refresh
 .text.route_remove
                0x0000000000008b0e       0x1c contiki-sky.a(route.o)
                0x0000000000008b0e                route_remove
 .text.route_decay
                0x0000000000008b2a       0x22 contiki-sky.a(route.o)
                0x0000000000008b2a                route_decay
 .text.route_set_lifetime
                0x0000000000008b4c        0x6 contiki-sky.a(route.o)
                0x0000000000008b4c                route_set_lifetime
 .text.input    0x0000000000008b52       0x3a contiki-sky.a(rime.o)
 .text.init     0x0000000000008b8c       0x2e contiki-sky.a(rime.o)
 .text.packet_sent
                0x0000000000008bba       0x44 contiki-sky.a(rime.o)
 .text.rime_output
                0x0000000000008bfe       0x24 contiki-sky.a(rime.o)
                0x0000000000008bfe                rime_output
 .text.sent     0x0000000000008c22       0x10 contiki-sky.a(netflood.o)
 .text.dropped  0x0000000000008c32       0x10 contiki-sky.a(netflood.o)
 .text.recv_from_ipolite
                0x0000000000008c42       0xee contiki-sky.a(netflood.o)
 .text.netflood_open
                0x0000000000008d30       0x2e contiki-sky.a(netflood.o)
                0x0000000000008d30                netflood_open
 .text.netflood_send
                0x0000000000008d5e       0x62 contiki-sky.a(netflood.o)
                0x0000000000008d5e                netflood_send
 .text.sent     0x0000000000008dc0        0x2 contiki-sky.a(ipolite.o)
 .text.send     0x0000000000008dc2       0x36 contiki-sky.a(ipolite.o)
 .text.recv     0x0000000000008df8       0xa6 contiki-sky.a(ipolite.o)
 .text.ipolite_open
                0x0000000000008e9e       0x24 contiki-sky.a(ipolite.o)
                0x0000000000008e9e                ipolite_open
 .text.ipolite_send
                0x0000000000008ec2       0xaa contiki-sky.a(ipolite.o)
                0x0000000000008ec2                ipolite_send
 .text.channel_init
                0x0000000000008f6c        0xa contiki-sky.a(channel.o)
                0x0000000000008f6c                channel_init
 .text.channel_open
                0x0000000000008f76       0x10 contiki-sky.a(channel.o)
                0x0000000000008f76                channel_open
 .text.channel_close
                0x0000000000008f86        0xc contiki-sky.a(channel.o)
                0x0000000000008f86                channel_close
 .text.channel_lookup
                0x0000000000008f92       0x20 contiki-sky.a(channel.o)
                0x0000000000008f92                channel_lookup
 .text.channel_set_attributes
                0x0000000000008fb2       0x24 contiki-sky.a(channel.o)
                0x0000000000008fb2                channel_set_attributes
 .text.chameleon_init
                0x0000000000008fd6        0x6 contiki-sky.a(chameleon.o)
                0x0000000000008fd6                chameleon_init
 .text.chameleon_parse
                0x0000000000008fdc       0x10 contiki-sky.a(chameleon.o)
                0x0000000000008fdc                chameleon_parse
 .text.chameleon_create
                0x0000000000008fec       0x1c contiki-sky.a(chameleon.o)
                0x0000000000008fec                chameleon_create
 .text.chameleon_hdrsize
                0x0000000000009008        0x6 contiki-sky.a(chameleon.o)
                0x0000000000009008                chameleon_hdrsize
 .text.header_size
                0x000000000000900e       0x16 contiki-sky.a(chameleon-bitop)
 .text.get_bits_in_byte
                0x0000000000009024       0x3a contiki-sky.a(chameleon-bitop)
                0x0000000000009024                get_bits_in_byte
 .text.get_bits
                0x000000000000905e       0xa2 contiki-sky.a(chameleon-bitop)
                0x000000000000905e                get_bits
 .text.unpack_header
                0x0000000000009100       0xd2 contiki-sky.a(chameleon-bitop)
 .text.set_bits_in_byte
                0x00000000000091d2       0x2c contiki-sky.a(chameleon-bitop)
                0x00000000000091d2                set_bits_in_byte
 .text.set_bits
                0x00000000000091fe       0xc8 contiki-sky.a(chameleon-bitop)
                0x00000000000091fe                set_bits
 .text.pack_header
                0x00000000000092c6       0xbe contiki-sky.a(chameleon-bitop)
 .text.sent_by_abc
                0x0000000000009384       0x10 contiki-sky.a(broadcast.o)
 .text.recv_from_abc
                0x0000000000009394       0x26 contiki-sky.a(broadcast.o)
 .text.broadcast_open
                0x00000000000093ba       0x2a contiki-sky.a(broadcast.o)
                0x00000000000093ba                broadcast_open
 .text.broadcast_close
                0x00000000000093e4        0x6 contiki-sky.a(broadcast.o)
                0x00000000000093e4                broadcast_close
 .text.broadcast_send
                0x00000000000093ea       0x1a contiki-sky.a(broadcast.o)
                0x00000000000093ea                broadcast_send
 .text.adv_packet_sent
                0x0000000000009404        0x2 contiki-sky.a(broadcast-annou)
 .text.adv_packet_received
                0x0000000000009406       0x64 contiki-sky.a(broadcast-annou)
 .text.set_timers
                0x000000000000946a       0x4a contiki-sky.a(broadcast-annou)
 .text.send_timer
                0x00000000000094b4       0x32 contiki-sky.a(broadcast-annou)
 .text.send_adv
                0x00000000000094e6       0x66 contiki-sky.a(broadcast-annou)
 .text.new_announcement
                0x000000000000954c       0x18 contiki-sky.a(broadcast-annou)
 .text.broadcast_announcement_init
                0x0000000000009564       0x48 contiki-sky.a(broadcast-annou)
                0x0000000000009564                broadcast_announcement_init
 .text.announcement_init
                0x00000000000095ac        0xa contiki-sky.a(announcement.o)
                0x00000000000095ac                announcement_init
 .text.announcement_register_observer_callback
                0x00000000000095b6        0x6 contiki-sky.a(announcement.o)
                0x00000000000095b6                announcement_register_observer_callback
 .text.announcement_list
                0x00000000000095bc        0xa contiki-sky.a(announcement.o)
                0x00000000000095bc                announcement_list
 .text.announcement_heard
                0x00000000000095c6       0x42 contiki-sky.a(announcement.o)
                0x00000000000095c6                announcement_heard
 .text.abc_open
                0x0000000000009608       0x26 contiki-sky.a(abc.o)
                0x0000000000009608                abc_open
 .text.abc_close
                0x000000000000962e        0x6 contiki-sky.a(abc.o)
                0x000000000000962e                abc_close
 .text.abc_send
                0x0000000000009634        0x6 contiki-sky.a(abc.o)
                0x0000000000009634                abc_send
 .text.abc_input
                0x000000000000963a        0xe contiki-sky.a(abc.o)
                0x000000000000963a                abc_input
 .text.abc_sent
                0x0000000000009648       0x10 contiki-sky.a(abc.o)
                0x0000000000009648                abc_sent
 .text.input_packet
                0x0000000000009658        0x6 contiki-sky.a(csma.o)
 .text.on       0x000000000000965e        0x6 contiki-sky.a(csma.o)
 .text.off      0x0000000000009664        0x6 contiki-sky.a(csma.o)
 .text.channel_check_interval
                0x000000000000966a       0x10 contiki-sky.a(csma.o)
 .text.transmit_packet_list
                0x000000000000967a       0x24 contiki-sky.a(csma.o)
 .text.init     0x000000000000969e       0x1a contiki-sky.a(csma.o)
 .text.send_packet
                0x00000000000096b8      0x184 contiki-sky.a(csma.o)
 .text.free_packet
                0x000000000000983c       0x98 contiki-sky.a(csma.o)
 .text.packet_sent
                0x00000000000098d4      0x130 contiki-sky.a(csma.o)
 .text.queuebuf_init
                0x0000000000009a04       0x12 contiki-sky.a(queuebuf.o)
                0x0000000000009a04                queuebuf_init
 .text.queuebuf_new_from_packetbuf
                0x0000000000009a16       0x52 contiki-sky.a(queuebuf.o)
                0x0000000000009a16                queuebuf_new_from_packetbuf
 .text.queuebuf_update_attr_from_packetbuf
                0x0000000000009a68       0x12 contiki-sky.a(queuebuf.o)
                0x0000000000009a68                queuebuf_update_attr_from_packetbuf
 .text.queuebuf_update_from_packetbuf
                0x0000000000009a7a       0x22 contiki-sky.a(queuebuf.o)
                0x0000000000009a7a                queuebuf_update_from_packetbuf
 .text.queuebuf_free
                0x0000000000009a9c       0x2a contiki-sky.a(queuebuf.o)
                0x0000000000009a9c                queuebuf_free
 .text.queuebuf_to_packetbuf
                0x0000000000009ac6       0x32 contiki-sky.a(queuebuf.o)
                0x0000000000009ac6                queuebuf_to_packetbuf
 .text.queuebuf_dataptr
                0x0000000000009af8       0x1c contiki-sky.a(queuebuf.o)
                0x0000000000009af8                queuebuf_dataptr
 .text.queuebuf_datalen
                0x0000000000009b14        0x8 contiki-sky.a(queuebuf.o)
                0x0000000000009b14                queuebuf_datalen
 .text.queuebuf_attr
                0x0000000000009b1c        0xe contiki-sky.a(queuebuf.o)
                0x0000000000009b1c                queuebuf_attr
 .text.packetbuf_compact
                0x0000000000009b2a       0x2e contiki-sky.a(packetbuf.o)
                0x0000000000009b2a                packetbuf_compact
 .text.packetbuf_copyto
                0x0000000000009b58       0x52 contiki-sky.a(packetbuf.o)
                0x0000000000009b58                packetbuf_copyto
 .text.packetbuf_hdrreduce
                0x0000000000009baa       0x1a contiki-sky.a(packetbuf.o)
                0x0000000000009baa                packetbuf_hdrreduce
 .text.packetbuf_set_datalen
                0x0000000000009bc4        0x6 contiki-sky.a(packetbuf.o)
                0x0000000000009bc4                packetbuf_set_datalen
 .text.packetbuf_dataptr
                0x0000000000009bca        0xe contiki-sky.a(packetbuf.o)
                0x0000000000009bca                packetbuf_dataptr
 .text.packetbuf_hdrptr
                0x0000000000009bd8        0xa contiki-sky.a(packetbuf.o)
                0x0000000000009bd8                packetbuf_hdrptr
 .text.packetbuf_datalen
                0x0000000000009be2        0x6 contiki-sky.a(packetbuf.o)
                0x0000000000009be2                packetbuf_datalen
 .text.packetbuf_hdrlen
                0x0000000000009be8       0x10 contiki-sky.a(packetbuf.o)
                0x0000000000009be8                packetbuf_hdrlen
 .text.packetbuf_totlen
                0x0000000000009bf8        0xc contiki-sky.a(packetbuf.o)
                0x0000000000009bf8                packetbuf_totlen
 .text.packetbuf_hdralloc
                0x0000000000009c04       0x2e contiki-sky.a(packetbuf.o)
                0x0000000000009c04                packetbuf_hdralloc
 .text.packetbuf_attr_clear
                0x0000000000009c32       0x2c contiki-sky.a(packetbuf.o)
                0x0000000000009c32                packetbuf_attr_clear
 .text.packetbuf_clear
                0x0000000000009c5e       0x1a contiki-sky.a(packetbuf.o)
                0x0000000000009c5e                packetbuf_clear
 .text.packetbuf_copyfrom
                0x0000000000009c78       0x2e contiki-sky.a(packetbuf.o)
                0x0000000000009c78                packetbuf_copyfrom
 .text.packetbuf_attr_copyto
                0x0000000000009ca6       0x20 contiki-sky.a(packetbuf.o)
                0x0000000000009ca6                packetbuf_attr_copyto
 .text.packetbuf_attr_copyfrom
                0x0000000000009cc6       0x22 contiki-sky.a(packetbuf.o)
                0x0000000000009cc6                packetbuf_attr_copyfrom
 .text.packetbuf_holds_broadcast
                0x0000000000009ce8        0xe contiki-sky.a(packetbuf.o)
                0x0000000000009ce8                packetbuf_holds_broadcast
 .text.linkaddr_copy
                0x0000000000009cf6        0xc contiki-sky.a(linkaddr.o)
                0x0000000000009cf6                linkaddr_copy
 .text.linkaddr_cmp
                0x0000000000009d02       0x12 contiki-sky.a(linkaddr.o)
                0x0000000000009d02                linkaddr_cmp
 .text.linkaddr_set_node_addr
                0x0000000000009d14        0xc contiki-sky.a(linkaddr.o)
                0x0000000000009d14                linkaddr_set_node_addr
 .text.duty_cycle
                0x0000000000009d20        0x6 contiki-sky.a(contikimac.o)
 .text.init     0x0000000000009d26       0x2a contiki-sky.a(contikimac.o)
 .text.on       0x0000000000009d50       0x1a contiki-sky.a(contikimac.o)
 .text.off      0x0000000000009d6a       0x22 contiki-sky.a(contikimac.o)
 .text.recv_burst_off
                0x0000000000009d8c        0xa contiki-sky.a(contikimac.o)
 .text.turn_off
                0x0000000000009d96       0x20 contiki-sky.a(contikimac.o)
 .text.turn_on  0x0000000000009db6       0x30 contiki-sky.a(contikimac.o)
 .text.schedule_powercycle_fixed.part.4
                0x0000000000009de6       0x34 contiki-sky.a(contikimac.o)
 .text.powercycle_turn_radio_off
                0x0000000000009e1a       0x30 contiki-sky.a(contikimac.o)
 .text.input_packet
                0x0000000000009e4a       0xb6 contiki-sky.a(contikimac.o)
 .text.send_packet.isra.7
                0x0000000000009f00      0x20c contiki-sky.a(contikimac.o)
 .text.qsend_list
                0x000000000000a10c       0xc4 contiki-sky.a(contikimac.o)
 .text.qsend_packet
                0x000000000000a1d0       0x28 contiki-sky.a(contikimac.o)
 .text.powercycle
                0x000000000000a1f8      0x1d6 contiki-sky.a(contikimac.o)
 .text.bootstrap
                0x000000000000a3ce        0x4 contiki-sky.a(nullsec.o)
 .text.send     0x000000000000a3d2        0xa contiki-sky.a(nullsec.o)
 .text.on_frame_created
                0x000000000000a3dc        0x4 contiki-sky.a(nullsec.o)
 .text.input    0x000000000000a3e0        0x6 contiki-sky.a(nullsec.o)
 .text.get_overhead
                0x000000000000a3e6        0x4 contiki-sky.a(nullsec.o)
 .text.spi_init
                0x000000000000a3ea       0x30 contiki-sky.a(spi.o)
                0x000000000000a3ea                spi_init
 .text.uip_ipchksum
                0x000000000000a41a       0x32 contiki-sky.a(uip-ipchksum.o)
                0x000000000000a41a                uip_ipchksum
 .text.compower_accumulate
                0x000000000000a44c       0x72 contiki-sky.a(compower.o)
                0x000000000000a44c                compower_accumulate
 .text.compower_clear
                0x000000000000a4be       0x12 contiki-sky.a(compower.o)
                0x000000000000a4be                compower_clear
 .text.compower_attrconv
                0x000000000000a4d0       0x10 contiki-sky.a(compower.o)
                0x000000000000a4d0                compower_attrconv
 .text.mac_sequence_is_duplicate
                0x000000000000a4e0       0x3c contiki-sky.a(mac-sequence.o)
                0x000000000000a4e0                mac_sequence_is_duplicate
 .text.mac_sequence_register_seqno
                0x000000000000a51c       0x5c contiki-sky.a(mac-sequence.o)
                0x000000000000a51c                mac_sequence_register_seqno
 .text.mac_call_sent_callback
                0x000000000000a578       0x14 contiki-sky.a(mac.o)
                0x000000000000a578                mac_call_sent_callback
 .text.hdr_length
                0x000000000000a58c        0x8 contiki-sky.a(contikimac-fram)
 .text.parse    0x000000000000a594       0x3e contiki-sky.a(contikimac-fram)
 .text.create   0x000000000000a5d2       0x26 contiki-sky.a(contikimac-fram)
 .text.create_and_secure
                0x000000000000a5f8       0x6a contiki-sky.a(contikimac-fram)
 .text.create_frame.isra.0
                0x000000000000a662      0x104 contiki-sky.a(framer-802154.o)
 .text.create   0x000000000000a766        0x8 contiki-sky.a(framer-802154.o)
 .text.hdr_length
                0x000000000000a76e        0x8 contiki-sky.a(framer-802154.o)
 .text.parse    0x000000000000a776       0xa4 contiki-sky.a(framer-802154.o)
 .text.field_len
                0x000000000000a81a       0x90 contiki-sky.a(frame802154.o)
 .text.frame802154_hdrlen
                0x000000000000a8aa       0x2e contiki-sky.a(frame802154.o)
                0x000000000000a8aa                frame802154_hdrlen
 .text.frame802154_create
                0x000000000000a8d8      0x146 contiki-sky.a(frame802154.o)
                0x000000000000a8d8                frame802154_create
 .text.frame802154_parse
                0x000000000000aa1e      0x1ba contiki-sky.a(frame802154.o)
                0x000000000000aa1e                frame802154_parse
 .text.framer_canonical_create_and_secure
                0x000000000000abd8       0x20 contiki-sky.a(framer.o)
                0x000000000000abd8                framer_canonical_create_and_secure
 .text.libgcc   0x000000000000abf8       0x2c /upb/groups/fg-ccs/public/share/nes/2018w/mspgcc-4.7.3/bin/../lib/gcc/msp430/4.7.3/mmpy-16/libgcc.a(_mulsi3.o)
                0x000000000000abf8                __mulsi3
 .text.libgcc   0x000000000000ac24       0x40 /upb/groups/fg-ccs/public/share/nes/2018w/mspgcc-4.7.3/bin/../lib/gcc/msp430/4.7.3/mmpy-16/libgcc.a(_udivmod32.o)
                0x000000000000ac24                __udivsi3
                0x000000000000ac24                __ext_udivmod32
                0x000000000000ac5a                __umodsi3
 .text.printf   0x000000000000ac64       0x10 /upb/groups/fg-ccs/public/share/nes/2018w/mspgcc-4.7.3/bin/../lib/gcc/msp430/4.7.3/../../../../msp430/lib/mmpy-16/libc.a(printf.o)
                0x000000000000ac64                printf
 .text.print_field
                0x000000000000ac74      0x194 /upb/groups/fg-ccs/public/share/nes/2018w/mspgcc-4.7.3/bin/../lib/gcc/msp430/4.7.3/../../../../msp430/lib/mmpy-16/libc.a(vuprintf.o)
 .text.vuprintf
                0x000000000000ae08      0x63e /upb/groups/fg-ccs/public/share/nes/2018w/mspgcc-4.7.3/bin/../lib/gcc/msp430/4.7.3/../../../../msp430/lib/mmpy-16/libc.a(vuprintf.o)
                0x000000000000ae08                vuprintf
 .text.puts     0x000000000000b446       0x2c /upb/groups/fg-ccs/public/share/nes/2018w/mspgcc-4.7.3/bin/../lib/gcc/msp430/4.7.3/../../../../msp430/lib/mmpy-16/libc.a(puts.o)
                0x000000000000b446                puts
 .text.rand     0x000000000000b472       0x26 /upb/groups/fg-ccs/public/share/nes/2018w/mspgcc-4.7.3/bin/../lib/gcc/msp430/4.7.3/../../../../msp430/lib/mmpy-16/libc.a(rand.o)
                0x000000000000b472                rand
 .text.srand    0x000000000000b498        0xa /upb/groups/fg-ccs/public/share/nes/2018w/mspgcc-4.7.3/bin/../lib/gcc/msp430/4.7.3/../../../../msp430/lib/mmpy-16/libc.a(rand.o)
                0x000000000000b498                srand
 .text.strncmp  0x000000000000b4a2       0x2a /upb/groups/fg-ccs/public/share/nes/2018w/mspgcc-4.7.3/bin/../lib/gcc/msp430/4.7.3/../../../../msp430/lib/mmpy-16/libc.a(strncmp.o)
                0x000000000000b4a2                strncmp
 .text.memcmp   0x000000000000b4cc       0x30 /upb/groups/fg-ccs/public/share/nes/2018w/mspgcc-4.7.3/bin/../lib/gcc/msp430/4.7.3/../../../../msp430/lib/mmpy-16/libc.a(memcmp.o)
                0x000000000000b4cc                memcmp
 .text.strcpy   0x000000000000b4fc       0x14 /upb/groups/fg-ccs/public/share/nes/2018w/mspgcc-4.7.3/bin/../lib/gcc/msp430/4.7.3/../../../../msp430/lib/mmpy-16/libc.a(strcpy.o)
                0x000000000000b4fc                strcpy
 .text.memcpy   0x000000000000b510       0xfa /upb/groups/fg-ccs/public/share/nes/2018w/mspgcc-4.7.3/bin/../lib/gcc/msp430/4.7.3/../../../../msp430/lib/mmpy-16/libc.a(memcpy.o)
                0x000000000000b510                memcpy
 .text.memset   0x000000000000b60a       0x6a /upb/groups/fg-ccs/public/share/nes/2018w/mspgcc-4.7.3/bin/../lib/gcc/msp430/4.7.3/../../../../msp430/lib/mmpy-16/libc.a(memset.o)
                0x000000000000b60a                memset
 .text.libgcc   0x000000000000b674       0x22 /upb/groups/fg-ccs/public/share/nes/2018w/mspgcc-4.7.3/bin/../lib/gcc/msp430/4.7.3/mmpy-16/libgcc.a(_udivmod16.o)
                0x000000000000b674                __udivhi3
                0x000000000000b674                __ext_udivmod16
                0x000000000000b68e                __umodhi3
 .text.libgcc   0x000000000000b696       0xf0 /upb/groups/fg-ccs/public/share/nes/2018w/mspgcc-4.7.3/bin/../lib/gcc/msp430/4.7.3/mmpy-16/libgcc.a(_udivmod64.o)
                0x000000000000b696                __xabi_udivmod64
                0x000000000000b6f4                __udivdi3
                0x000000000000b71a                __umoddi3
                0x000000000000b748                __udivmoddi4
 .text.crt0     0x000000000000b786        0x2 /upb/groups/fg-ccs/public/share/nes/2018w/mspgcc-4.7.3/bin/../lib/gcc/msp430/4.7.3/mmpy-16/libcrt0.a(_unexpected_.o)
                0x000000000000b786                _unexpected_
 *(.near.text .near.text.*)

.rodata         0x000000000000b788      0x8c3
                0x000000000000b788                . = ALIGN (0x2)
 *(.rodata .rodata.* .gnu.linkonce.r.*)
 .rodata        0x000000000000b788      0x5a8 aodv.co
                0x000000000000bd16                autostart_processes
 .rodata        0x000000000000bd30      0x167 obj_sky/contiki-sky-main.o
 *fill*         0x000000000000be97        0x1 00
 .rodata        0x000000000000be98       0x10 contiki-sky.a(button-sensor.o)
                0x000000000000bea0                button_sensor
 .rodata        0x000000000000bea8        0x8 contiki-sky.a(sensors.o)
 .rodata.get_value
                0x000000000000beb0       0x1c contiki-sky.a(cc2420.o)
 .rodata        0x000000000000becc       0x3e contiki-sky.a(cc2420.o)
                0x000000000000becc                cc2420_aes_128_driver
                0x000000000000bed0                cc2420_driver
 .rodata        0x000000000000bf0a       0x26 contiki-sky.a(slip.o)
 .rodata        0x000000000000bf30        0xc contiki-sky.a(etimer.o)
 .rodata        0x000000000000bf3c        0xf contiki-sky.a(ctimer.o)
 *fill*         0x000000000000bf4b        0x1 00
 .rodata        0x000000000000bf4c        0xa contiki-sky.a(uip-over-mesh.o)
 .rodata        0x000000000000bf56        0xe contiki-sky.a(uip-fw-drv.o)
 .rodata.uip_process
                0x000000000000bf64       0x20 contiki-sky.a(uip.o)
 .rodata        0x000000000000bf84        0x8 contiki-sky.a(uip.o)
                0x000000000000bf84                uip_all_zeroes_addr
                0x000000000000bf88                uip_broadcast_addr
 .rodata        0x000000000000bf8c        0xd contiki-sky.a(tcpip.o)
 *fill*         0x000000000000bf99        0x1 00
 .rodata        0x000000000000bf9a        0xa contiki-sky.a(unicast.o)
 .rodata        0x000000000000bfa4        0xa contiki-sky.a(trickle.o)
 .rodata        0x000000000000bfae        0xa contiki-sky.a(route-discovery)
 .rodata        0x000000000000bfb8        0xc contiki-sky.a(rime.o)
                0x000000000000bfbe                rime_driver
 .rodata        0x000000000000bfc4        0x6 contiki-sky.a(netflood.o)
 .rodata        0x000000000000bfca        0x4 contiki-sky.a(ipolite.o)
 .rodata        0x000000000000bfce       0x10 contiki-sky.a(chameleon-bitop)
                0x000000000000bfce                chameleon_bitopt
 .rodata        0x000000000000bfde        0x8 contiki-sky.a(broadcast.o)
 .rodata        0x000000000000bfe6        0x4 contiki-sky.a(broadcast-annou)
 .rodata        0x000000000000bfea        0x2 contiki-sky.a(abc.o)
 .rodata        0x000000000000bfec       0x14 contiki-sky.a(csma.o)
                0x000000000000bff2                csma_driver
 .rodata        0x000000000000c000        0x2 contiki-sky.a(linkaddr.o)
                0x000000000000c000                linkaddr_null
 .rodata        0x000000000000c002       0x1c contiki-sky.a(contikimac.o)
                0x000000000000c00e                contikimac_driver
 .rodata        0x000000000000c01e       0x14 contiki-sky.a(nullsec.o)
                0x000000000000c026                nullsec_driver
 .rodata        0x000000000000c032        0x8 contiki-sky.a(contikimac-fram)
                0x000000000000c032                contikimac_framer
 .rodata        0x000000000000c03a        0x8 contiki-sky.a(framer-802154.o)
                0x000000000000c03a                framer_802154
 .rodata        0x000000000000c042        0x2 contiki-sky.a(frame802154.o)
 .rodata.vuprintf
                0x000000000000c044        0x7 /upb/groups/fg-ccs/public/share/nes/2018w/mspgcc-4.7.3/bin/../lib/gcc/msp430/4.7.3/../../../../msp430/lib/mmpy-16/libc.a(vuprintf.o)
 *(.near.rodata .near.rodata.*)
                0x000000000000c04c                . = ALIGN (0x2)
                0x000000000000c04c                _etext = .

.data           0x0000000000001100       0xac load address 0x000000000000c04c
                0x0000000000001100                . = ALIGN (0x2)
                0x0000000000001100                __data_start = .
 *(.data .data.* .gnu.linkonce.d.*)
 .data          0x0000000000001100       0x12 aodv.co
                0x0000000000001100                aodv_process
 .data          0x0000000000001112       0x18 obj_sky/contiki-sky-main.o
 .data          0x000000000000112a        0x4 contiki-sky.a(contiki-sky-pla)
                0x000000000000112a                sensors
 .data          0x000000000000112e        0xa contiki-sky.a(sensors.o)
                0x000000000000112e                sensors_process
 .data          0x0000000000001138        0xa contiki-sky.a(cc2420.o)
                0x0000000000001138                cc2420_process
 .data          0x0000000000001142        0xa contiki-sky.a(slip.o)
                0x0000000000001142                slip_process
 .data          0x000000000000114c        0x2 contiki-sky.a(msp430.o)
 .data          0x000000000000114e        0xa contiki-sky.a(etimer.o)
                0x000000000000114e                etimer_process
 .data          0x0000000000001158        0xa contiki-sky.a(ctimer.o)
                0x0000000000001158                ctimer_process
 .data          0x0000000000001162        0xa contiki-sky.a(uip-fw-drv.o)
                0x0000000000001162                uip_fw_process
 .data          0x000000000000116c        0xa contiki-sky.a(tcpip.o)
                0x000000000000116c                tcpip_process
 .data          0x0000000000001176        0xa contiki-sky.a(route.o)
 .data          0x0000000000001180       0x18 contiki-sky.a(csma.o)
 .data          0x0000000000001198       0x10 contiki-sky.a(queuebuf.o)
 .data.next     0x00000000000011a8        0x4 /upb/groups/fg-ccs/public/share/nes/2018w/mspgcc-4.7.3/bin/../lib/gcc/msp430/4.7.3/../../../../msp430/lib/mmpy-16/libc.a(rand.o)
 *(.near.data .near.data.*)
                0x00000000000011ac                . = ALIGN (0x2)
                0x00000000000011ac                _edata = .
                0x000000000000c04c                __data_load_start = LOADADDR (.data)
                0x00000000000000ac                __data_size = SIZEOF (.data)

.bss            0x00000000000011ac     0x1718 load address 0x000000000000c0f8
                0x00000000000011ac                __bss_start = .
 *(.bss .bss.*)
 .bss           0x00000000000011ac       0xe0 aodv.co
 .bss           0x000000000000128c        0xe obj_sky/contiki-sky-main.o
 .bss           0x000000000000129a        0x8 contiki-sky.a(button-sensor.o)
 .bss           0x00000000000012a2        0x2 contiki-sky.a(node-id.o)
                0x00000000000012a2                node_id
 .bss           0x00000000000012a4        0x6 contiki-sky.a(sensors.o)
 .bss           0x00000000000012aa        0x8 contiki-sky.a(cc2420.o)
 .bss           0x00000000000012b2       0x9a contiki-sky.a(uart1.o)
 .bss           0x000000000000134c        0x1 contiki-sky.a(slip_uart1.o)
 *fill*         0x000000000000134d        0x1 00
 .bss           0x000000000000134e       0x88 contiki-sky.a(slip.o)
 .bss           0x00000000000013d6        0xa contiki-sky.a(clock.o)
 .bss           0x00000000000013e0        0x1 contiki-sky.a(leds.o)
 *fill*         0x00000000000013e1        0x1 00
 .bss           0x00000000000013e2        0x2 contiki-sky.a(watchdog.o)
 .bss           0x00000000000013e4        0x2 contiki-sky.a(rtimer.o)
 .bss           0x00000000000013e6       0x42 contiki-sky.a(process.o)
                0x00000000000013e6                process_current
                0x00000000000013e8                process_list
 .bss           0x0000000000001428        0x6 contiki-sky.a(etimer.o)
 .bss           0x000000000000142e        0x4 contiki-sky.a(ctimer.o)
 .bss           0x0000000000001432       0xd2 contiki-sky.a(uip-over-mesh.o)
 .bss           0x0000000000001504      0x1a8 contiki-sky.a(uip-fw.o)
 .bss           0x00000000000016ac       0x14 contiki-sky.a(uip.o)
                0x00000000000016ac                uip_lladdr
 .bss           0x00000000000016c0       0x36 contiki-sky.a(tcpip.o)
 .bss           0x00000000000016f6        0x1 contiki-sky.a(route-discovery)
 *fill*         0x00000000000016f7        0x1 00
 .bss           0x00000000000016f8       0x7e contiki-sky.a(route.o)
 .bss           0x0000000000001776        0x2 contiki-sky.a(rime.o)
 .bss           0x0000000000001778        0x2 contiki-sky.a(channel.o)
 .bss           0x000000000000177a       0x46 contiki-sky.a(broadcast-annou)
 .bss           0x00000000000017c0        0x6 contiki-sky.a(announcement.o)
 .bss           0x00000000000017c6      0x128 contiki-sky.a(csma.o)
 .bss           0x00000000000018ee      0xc20 contiki-sky.a(queuebuf.o)
 .bss           0x000000000000250e       0xb8 contiki-sky.a(packetbuf.o)
 .bss           0x00000000000025c6       0x32 contiki-sky.a(contikimac.o)
 .bss           0x00000000000025f8        0x8 contiki-sky.a(compower.o)
 .bss           0x0000000000002600       0x40 contiki-sky.a(mac-sequence.o)
 .bss           0x0000000000002640        0x2 contiki-sky.a(framer-802154.o)
 *(.near.bss .near.bss.*)
 *(COMMON)
 COMMON         0x0000000000002642        0x2 contiki-sky.a(contiki-sky-pla)
                0x0000000000002642                sensors_flags
 COMMON         0x0000000000002644        0x8 contiki-sky.a(ds2411.o)
                0x0000000000002644                ds2411_id
 COMMON         0x000000000000264c        0x1 contiki-sky.a(sensors.o)
                0x000000000000264c                sensors_event
 *fill*         0x000000000000264d        0x1 00
 COMMON         0x000000000000264e       0x10 contiki-sky.a(cc2420.o)
                0x000000000000264e                cc2420_last_rssi
                0x0000000000002650                cc2420_sfd_start_time
                0x0000000000002652                cc2420_time_of_departure
                0x0000000000002654                cc2420_time_of_arrival
                0x0000000000002656                cc2420_last_correlation
                0x0000000000002658                cc2420_authority_level_of_sender
                0x000000000000265a                cc2420_sfd_counter
                0x000000000000265c                cc2420_sfd_end_time
 COMMON         0x000000000000265e        0x1 contiki-sky.a(slip.o)
                0x000000000000265e                slip_active
 *fill*         0x000000000000265f        0x1 00
 COMMON         0x0000000000002660        0x2 contiki-sky.a(msp430.o)
                0x0000000000002660                msp430_dco_required
 COMMON         0x0000000000002662        0x1 contiki-sky.a(process.o)
                0x0000000000002662                process_maxevents
 *fill*         0x0000000000002663        0x1 00
 COMMON         0x0000000000002664       0x56 contiki-sky.a(energest.o)
                0x0000000000002664                energest_total_time
                0x0000000000002694                energest_total_count
                0x0000000000002696                energest_current_mode
                0x00000000000026a2                energest_current_time
 COMMON         0x00000000000026ba      0x1c2 contiki-sky.a(uip.o)
                0x00000000000026ba                uip_len
                0x00000000000026bc                uip_sappdata
                0x00000000000026be                uip_acc32
                0x00000000000026c2                uip_aligned_buf
                0x000000000000272e                uip_flags
                0x0000000000002730                uip_udp_conn
                0x0000000000002732                uip_appdata
                0x0000000000002734                uip_conn
                0x0000000000002736                uip_conns
                0x00000000000027b6                uip_listenports
                0x00000000000027c6                uip_draddr
                0x00000000000027ca                uip_netmask
                0x00000000000027ce                uip_hostaddr
                0x00000000000027d2                uip_slen
                0x00000000000027d4                uip_udp_conns
 COMMON         0x000000000000287c        0x2 contiki-sky.a(tcpip.o)
                0x000000000000287c                tcpip_is_forwarding
                0x000000000000287d                tcpip_event
 COMMON         0x000000000000287e       0x3c contiki-sky.a(packetbuf.o)
                0x000000000000287e                packetbuf_addrs
                0x0000000000002886                packetbuf_attrs
 COMMON         0x00000000000028ba        0x2 contiki-sky.a(linkaddr.o)
                0x00000000000028ba                linkaddr_node_addr
 COMMON         0x00000000000028bc        0x8 contiki-sky.a(compower.o)
                0x00000000000028bc                compower_idle_activity
                0x00000000000028c4                . = ALIGN (0x2)
                0x00000000000028c4                __bss_end = .
                0x0000000000001718                __bss_size = SIZEOF (.bss)

.noinit         0x00000000000028c4        0x2 load address 0x000000000000c0f8
                0x00000000000028c4                . = ALIGN (0x2)
                0x00000000000028c4                __noinit_start = .
 *(.noinit .noinit.*)
 .noinit.crt0   0x00000000000028c4        0x2 /upb/groups/fg-ccs/public/share/nes/2018w/mspgcc-4.7.3/bin/../lib/gcc/msp430/4.7.3/mmpy-16/libcrt0.a(__watchdog_support.o)
                0x00000000000028c4                __wdt_clear_value
                0x00000000000028c6                . = ALIGN (0x2)
                0x00000000000028c6                __noinit_end = .
                0x00000000000028c6                . = ALIGN (0x2)
                0x00000000000028c6                _end = .

.infomem        0x0000000000001000        0x0
                0x0000000000001000                . = ALIGN (0x2)
 *(.infomem .infomem.*)

.infomemnobits  0x0000000000001000        0x0
                0x0000000000001000                . = ALIGN (0x2)
 *(.infomemnobits .infomemnobits.*)

.infoa          0x0000000000001080        0x0
                0x0000000000001080                . = ALIGN (0x2)
 *(.infoa .infoa.*)

.infob          0x0000000000001000        0x0
                0x0000000000001000                . = ALIGN (0x2)
 *(.infob .infob.*)

.infoc          0x0000000000000000        0x0
                0x0000000000000000                . = ALIGN (0x2)
 *(.infoc .infoc.*)

.infod          0x0000000000000000        0x0
                0x0000000000000000                . = ALIGN (0x2)
 *(.infod .infod.*)
                0x000000000000ffff                PROVIDE (__vte_0, 0xffff)
                0x000000000000ffff                PROVIDE (__vte_1, 0xffff)
                0x000000000000ffff                PROVIDE (__vte_2, 0xffff)
                0x000000000000ffff                PROVIDE (__vte_3, 0xffff)
                0x000000000000ffff                PROVIDE (__vte_4, 0xffff)
                0x000000000000ffff                PROVIDE (__vte_5, 0xffff)
                0x000000000000ffff                PROVIDE (__vte_6, 0xffff)
                0x000000000000ffff                PROVIDE (__vte_7, 0xffff)
                0x000000000000ffff                PROVIDE (__vte_8, 0xffff)
                0x000000000000ffff                PROVIDE (__vte_9, 0xffff)
                0x000000000000ffff                PROVIDE (__vte_10, 0xffff)
                0x000000000000ffff                PROVIDE (__vte_11, 0xffff)
                0x000000000000ffff                PROVIDE (__vte_12, 0xffff)
                0x000000000000ffff                PROVIDE (__vte_13, 0xffff)
                0x000000000000ffff                PROVIDE (__vte_14, 0xffff)
                0x000000000000ffff                PROVIDE (__vte_15, 0xffff)
                0x000000000000ffff                PROVIDE (__vte_16, 0xffff)
                0x000000000000ffff                PROVIDE (__vte_17, 0xffff)
                0x000000000000ffff                PROVIDE (__vte_18, 0xffff)
                0x000000000000ffff                PROVIDE (__vte_19, 0xffff)
                0x000000000000ffff                PROVIDE (__vte_20, 0xffff)
                0x000000000000ffff                PROVIDE (__vte_21, 0xffff)
                0x000000000000ffff                PROVIDE (__vte_22, 0xffff)
                0x000000000000ffff                PROVIDE (__vte_23, 0xffff)
                0x000000000000ffff                PROVIDE (__vte_24, 0xffff)
                0x000000000000ffff                PROVIDE (__vte_25, 0xffff)
                0x000000000000ffff                PROVIDE (__vte_26, 0xffff)
                0x000000000000ffff                PROVIDE (__vte_27, 0xffff)
                0x000000000000ffff                PROVIDE (__vte_28, 0xffff)
                0x000000000000ffff                PROVIDE (__vte_29, 0xffff)
                0x000000000000ffff                PROVIDE (__vte_30, 0xffff)
                0x000000000000ffff                PROVIDE (__vte_31, 0xffff)

.vectors        0x000000000000ffe0       0x20
                0x000000000000ffe0                __vectors_start = .
 *(.vectors*)
 .vectors       0x000000000000ffe0       0x20 /upb/groups/fg-ccs/public/share/nes/2018w/mspgcc-4.7.3/bin/../lib/gcc/msp430/4.7.3/mmpy-16/crt0ivtbl16.o
                0x000000000000ffe0                __ivtbl_16
                0x0000000000010000                _vectors_end = .

.fartext        0x0000000000000000        0x0
                0x0000000000000000                . = ALIGN (0x2)
 *(.fartext .fartext.*)

.far.text       0x0000000000000000        0x0
                0x0000000000000000                . = ALIGN (0x2)
 *(.far.text .far.text.*)

.far.rodata     0x0000000000000000        0x0
                0x0000000000000000                . = ALIGN (0x2)
 *(.far.rodata .far.rodata.*)
                0x0000000000000000                . = ALIGN (0x2)
                0x0000000000000000                _efartext = .

.far.data       0x0000000000000000        0x0
                0x0000000000000000                . = ALIGN (0x2)
                0x0000000000000000                __far_data_start = .
 *(.far.data .far.data.*)
                0x0000000000000000                . = ALIGN (0x2)
                0x0000000000000000                _efardata = .
                0x0000000000000000                __far_data_load_start = LOADADDR (.far.data)
                0x0000000000000000                __far_data_size = SIZEOF (.far.data)

.far.bss        0x0000000000000000        0x0
                0x0000000000000000                . = ALIGN (0x2)
                0x0000000000000000                __far_bss_start = .
 *(.far.bss .far.bss.*)
                0x0000000000000000                . = ALIGN (0x2)
                0x0000000000000000                __far_bss_end = .
                0x0000000000000000                __far_bss_size = SIZEOF (.far.bss)
                0x0000000000000000                . = ALIGN (0x2)
                0x0000000000000000                _far_end = .

.profiler
 *(.profiler)

.stab           0x0000000000000000    0x22350
 *(.stab)
 .stab          0x0000000000000000     0x1f08 aodv.co
 .stab          0x0000000000001f08     0x1224 obj_sky/contiki-sky-main.o
                                       0x195c (size before relaxing)
 .stab          0x000000000000312c      0x24c contiki-sky.a(contiki-sky-pla)
                                        0x5ac (size before relaxing)
 .stab          0x0000000000003378      0x468 contiki-sky.a(button-sensor.o)
                                        0x7d4 (size before relaxing)
 .stab          0x00000000000037e0      0x618 contiki-sky.a(ds2411.o)
                                        0xb34 (size before relaxing)
 .stab          0x0000000000003df8      0x9d8 contiki-sky.a(xmem.o)
                                        0xf00 (size before relaxing)
 .stab          0x00000000000047d0      0x2b8 contiki-sky.a(node-id.o)
                                        0x4e0 (size before relaxing)
 .stab          0x0000000000004a88      0x69c contiki-sky.a(sensors.o)
                                        0xbb8 (size before relaxing)
 .stab          0x0000000000005124     0x22c8 contiki-sky.a(cc2420.o)
                                       0x2c40 (size before relaxing)
 .stab          0x00000000000073ec      0x9cc contiki-sky.a(cc2420-arch.o)
                                       0x13f8 (size before relaxing)
 .stab          0x0000000000007db8      0x600 contiki-sky.a(uart1.o)
                                        0x954 (size before relaxing)
 .stab          0x00000000000083b8      0x330 contiki-sky.a(slip_uart1.o)
                                        0x684 (size before relaxing)
 .stab          0x00000000000086e8      0xb70 contiki-sky.a(slip.o)
                                       0x1308 (size before relaxing)
 .stab          0x0000000000009258      0x72c contiki-sky.a(msp430.o)
                                        0xa80 (size before relaxing)
 .stab          0x0000000000009984      0x930 contiki-sky.a(clock.o)
                                        0xc84 (size before relaxing)
 .stab          0x000000000000a2b4      0x5a0 contiki-sky.a(leds.o)
                                        0x7ec (size before relaxing)
 .stab          0x000000000000a854      0x378 contiki-sky.a(leds-arch.o)
                                        0x6cc (size before relaxing)
 .stab          0x000000000000abcc      0x3cc contiki-sky.a(watchdog.o)
                                        0x720 (size before relaxing)
 .stab          0x000000000000af98      0x3b4 contiki-sky.a(rtimer-arch.o)
                                        0x708 (size before relaxing)
 .stab          0x000000000000b34c      0x348 contiki-sky.a(timer.o)
                                        0x588 (size before relaxing)
 .stab          0x000000000000b694      0x3cc contiki-sky.a(rtimer.o)
                                        0x6b4 (size before relaxing)
 .stab          0x000000000000ba60      0xb7c contiki-sky.a(process.o)
                                       0x1008 (size before relaxing)
 .stab          0x000000000000c5dc      0x9fc contiki-sky.a(etimer.o)
                                        0xccc (size before relaxing)
 .stab          0x000000000000cfd8      0x474 contiki-sky.a(energest.o)
                                        0x6fc (size before relaxing)
 .stab          0x000000000000d44c      0x78c contiki-sky.a(ctimer.o)
                                        0xaf8 (size before relaxing)
 .stab          0x000000000000dbd8      0x288 contiki-sky.a(autostart.o)
                                        0x534 (size before relaxing)
 .stab          0x000000000000de60      0x240 contiki-sky.a(random.o)
                                        0x618 (size before relaxing)
 .stab          0x000000000000e0a0      0x5c4 contiki-sky.a(memb.o)
                                        0xaf8 (size before relaxing)
 .stab          0x000000000000e664      0x7bc contiki-sky.a(list.o)
                                        0x7c8 (size before relaxing)
 .stab          0x000000000000ee20      0xb94 contiki-sky.a(uip-over-mesh.o)
                                       0x180c (size before relaxing)
 .stab          0x000000000000f9b4      0x2d0 contiki-sky.a(uip-fw-drv.o)
                                        0xa38 (size before relaxing)
 .stab          0x000000000000fc84      0x960 contiki-sky.a(uip-fw.o)
                                       0x10d4 (size before relaxing)
 .stab          0x00000000000105e4     0x240c contiki-sky.a(uip.o)
                                       0x2b74 (size before relaxing)
 .stab          0x00000000000129f0     0x1044 contiki-sky.a(tcpip.o)
                                       0x1ea8 (size before relaxing)
 .stab          0x0000000000013a34      0x618 contiki-sky.a(unicast.o)
                                       0x1290 (size before relaxing)
 .stab          0x000000000001404c      0x7c8 contiki-sky.a(trickle.o)
                                       0x1074 (size before relaxing)
 .stab          0x0000000000014814      0xa08 contiki-sky.a(route-discovery)
                                       0x16b0 (size before relaxing)
 .stab          0x000000000001521c      0x9e4 contiki-sky.a(route.o)
                                        0xedc (size before relaxing)
 .stab          0x0000000000015c00      0xcb4 contiki-sky.a(rime.o)
                                       0x13f8 (size before relaxing)
 .stab          0x00000000000168b4      0x750 contiki-sky.a(netflood.o)
                                       0x1014 (size before relaxing)
 .stab          0x0000000000017004      0x8b8 contiki-sky.a(ipolite.o)
                                       0x153c (size before relaxing)
 .stab          0x00000000000178bc      0x654 contiki-sky.a(channel.o)
                                       0x1278 (size before relaxing)
 .stab          0x0000000000017f10      0x588 contiki-sky.a(chameleon.o)
                                       0x1230 (size before relaxing)
 .stab          0x0000000000018498      0xd44 contiki-sky.a(chameleon-bitop)
                                       0x19bc (size before relaxing)
 .stab          0x00000000000191dc      0x6cc contiki-sky.a(broadcast.o)
                                       0x1500 (size before relaxing)
 .stab          0x00000000000198a8      0x948 contiki-sky.a(broadcast-annou)
                                       0x15c0 (size before relaxing)
 .stab          0x000000000001a1f0      0x6b4 contiki-sky.a(announcement.o)
                                        0x954 (size before relaxing)
 .stab          0x000000000001a8a4      0x660 contiki-sky.a(abc.o)
                                       0x1494 (size before relaxing)
 .stab          0x000000000001af04      0xdec contiki-sky.a(csma.o)
                                       0x159c (size before relaxing)
 .stab          0x000000000001bcf0      0xa38 contiki-sky.a(queuebuf.o)
                                       0x186c (size before relaxing)
 .stab          0x000000000001c728      0xd74 contiki-sky.a(packetbuf.o)
                                       0x1bc0 (size before relaxing)
 .stab          0x000000000001d49c      0x2ac contiki-sky.a(linkaddr.o)
                                        0x6a8 (size before relaxing)
 .stab          0x000000000001d748     0x17ac contiki-sky.a(contikimac.o)
                                       0x23b8 (size before relaxing)
 .stab          0x000000000001eef4      0x684 contiki-sky.a(nullsec.o)
                                        0xd80 (size before relaxing)
 .stab          0x000000000001f578      0x1f8 contiki-sky.a(spi.o)
                                        0x420 (size before relaxing)
 .stab          0x000000000001f770      0x300 contiki-sky.a(uip-ipchksum.o)
                                        0xa50 (size before relaxing)
 .stab          0x000000000001fa70      0x4ec contiki-sky.a(compower.o)
                                        0xcf0 (size before relaxing)
 .stab          0x000000000001ff5c      0x600 contiki-sky.a(mac-sequence.o)
                                       0x144c (size before relaxing)
 .stab          0x000000000002055c      0x1f8 contiki-sky.a(mac.o)
                                        0x4ec (size before relaxing)
 .stab          0x0000000000020754      0x6d8 contiki-sky.a(contikimac-fram)
                                        0xf18 (size before relaxing)
 .stab          0x0000000000020e2c      0x918 contiki-sky.a(framer-802154.o)
                                        0xf54 (size before relaxing)
 .stab          0x0000000000021744      0x8f4 contiki-sky.a(frame802154.o)
                                       0x10c8 (size before relaxing)
 .stab          0x0000000000022038      0x318 contiki-sky.a(framer.o)
                                        0xc54 (size before relaxing)

.stabstr        0x0000000000000000    0x1a35c
 *(.stabstr)
 .stabstr       0x0000000000000000    0x1a35c aodv.co

.stab.excl
 *(.stab.excl)

.stab.exclstr
 *(.stab.exclstr)

.stab.index
 *(.stab.index)

.stab.indexstr
 *(.stab.indexstr)

.comment        0x0000000000000000       0x30
 *(.comment)
 .comment       0x0000000000000000       0x30 aodv.co
                                         0x31 (size before relaxing)
 .comment       0x0000000000000000       0x31 obj_sky/contiki-sky-main.o
 .comment       0x0000000000000000       0x31 contiki-sky.a(contiki-sky-pla)
 .comment       0x0000000000000000       0x31 contiki-sky.a(button-sensor.o)
 .comment       0x0000000000000000       0x31 contiki-sky.a(ds2411.o)
 .comment       0x0000000000000000       0x31 contiki-sky.a(xmem.o)
 .comment       0x0000000000000000       0x31 contiki-sky.a(node-id.o)
 .comment       0x0000000000000000       0x31 contiki-sky.a(sensors.o)